工站 1/29 AOI
排产方案已输出: E:\RTD\storage\runs\3e7b232f9bdb45269b64f86adfcc5b99\station-001.xlsx
甘特图已保存: E:\RTD\storage\runs\3e7b232f9bdb45269b64f86adfcc5b99\station-001.png
工站 2/29 Assembly
排产方案已输出: E:\RTD\storage\runs\3e7b232f9bdb45269b64f86adfcc5b99\station-002.xlsx
甘特图已保存: E:\RTD\storage\runs\3e7b232f9bdb45269b64f86adfcc5b99\station-002.png
工站 3/29 CLEANOVEN
排产方案已输出: E:\RTD\storage\runs\3e7b232f9bdb45269b64f86adfcc5b99\station-003.xlsx
甘特图已保存: E:\RTD\storage\runs\3e7b232f9bdb45269b64f86adfcc5b99\station-003.png
工站 4/29 CP
排产方案已输出: E:\RTD\storage\runs\3e7b232f9bdb45269b64f86adfcc5b99\station-004.xlsx
甘特图已保存: E:\RTD\storage\runs\3e7b232f9bdb45269b64f86adfcc5b99\station-004.png
工站 5/29 DB1
排产方案已输出: E:\RTD\storage\runs\3e7b232f9bdb45269b64f86adfcc5b99\station-005.xlsx
甘特图已保存: E:\RTD\storage\runs\3e7b232f9bdb45269b64f86adfcc5b99\station-005.png
工站 6/29 DB2
排产方案已输出: E:\RTD\storage\runs\3e7b232f9bdb45269b64f86adfcc5b99\station-006.xlsx
甘特图已保存: E:\RTD\storage\runs\3e7b232f9bdb45269b64f86adfcc5b99\station-006.png
工站 7/29 DS
排产方案已输出: E:\RTD\storage\runs\3e7b232f9bdb45269b64f86adfcc5b99\station-007.xlsx
甘特图已保存: E:\RTD\storage\runs\3e7b232f9bdb45269b64f86adfcc5b99\station-007.png
工站 8/29 FrameCleaning
排产方案已输出: E:\RTD\storage\runs\3e7b232f9bdb45269b64f86adfcc5b99\station-008.xlsx
甘特图已保存: E:\RTD\storage\runs\3e7b232f9bdb45269b64f86adfcc5b99\station-008.png
工站 9/29 MD
排产方案已输出: E:\RTD\storage\runs\3e7b232f9bdb45269b64f86adfcc5b99\station-009.xlsx
甘特图已保存: E:\RTD\storage\runs\3e7b232f9bdb45269b64f86adfcc5b99\station-009.png
工站 10/29 NT
排产方案已输出: E:\RTD\storage\runs\3e7b232f9bdb45269b64f86adfcc5b99\station-010.xlsx
甘特图已保存: E:\RTD\storage\runs\3e7b232f9bdb45269b64f86adfcc5b99\station-010.png
工站 11/29 OVEN1
排产方案已输出: E:\RTD\storage\runs\3e7b232f9bdb45269b64f86adfcc5b99\station-011.xlsx
甘特图已保存: E:\RTD\storage\runs\3e7b232f9bdb45269b64f86adfcc5b99\station-011.png
工站 12/29 OVEN2
排产方案已输出: E:\RTD\storage\runs\3e7b232f9bdb45269b64f86adfcc5b99\station-012.xlsx
甘特图已保存: E:\RTD\storage\runs\3e7b232f9bdb45269b64f86adfcc5b99\station-012.png
工站 13/29 OVEN3
排产方案已输出: E:\RTD\storage\runs\3e7b232f9bdb45269b64f86adfcc5b99\station-013.xlsx
甘特图已保存: E:\RTD\storage\runs\3e7b232f9bdb45269b64f86adfcc5b99\station-013.png
工站 14/29 PKG
排产方案已输出: E:\RTD\storage\runs\3e7b232f9bdb45269b64f86adfcc5b99\station-014.xlsx
甘特图已保存: E:\RTD\storage\runs\3e7b232f9bdb45269b64f86adfcc5b99\station-014.png
工站 15/29 PLASMA2
排产方案已输出: E:\RTD\storage\runs\3e7b232f9bdb45269b64f86adfcc5b99\station-015.xlsx
甘特图已保存: E:\RTD\storage\runs\3e7b232f9bdb45269b64f86adfcc5b99\station-015.png
工站 16/29 PLASMA3
排产方案已输出: E:\RTD\storage\runs\3e7b232f9bdb45269b64f86adfcc5b99\station-016.xlsx
甘特图已保存: E:\RTD\storage\runs\3e7b232f9bdb45269b64f86adfcc5b99\station-016.png
工站 17/29 QC
排产方案已输出: E:\RTD\storage\runs\3e7b232f9bdb45269b64f86adfcc5b99\station-017.xlsx
甘特图已保存: E:\RTD\storage\runs\3e7b232f9bdb45269b64f86adfcc5b99\station-017.png
工站 18/29 REFLOW_240
排产方案已输出: E:\RTD\storage\runs\3e7b232f9bdb45269b64f86adfcc5b99\station-018.xlsx
甘特图已保存: E:\RTD\storage\runs\3e7b232f9bdb45269b64f86adfcc5b99\station-018.png
工站 19/29 REFLOW_SMT
排产方案已输出: E:\RTD\storage\runs\3e7b232f9bdb45269b64f86adfcc5b99\station-019.xlsx
甘特图已保存: E:\RTD\storage\runs\3e7b232f9bdb45269b64f86adfcc5b99\station-019.png
工站 20/29 SC
排产方案已输出: E:\RTD\storage\runs\3e7b232f9bdb45269b64f86adfcc5b99\station-020.xlsx
甘特图已保存: E:\RTD\storage\runs\3e7b232f9bdb45269b64f86adfcc5b99\station-020.png
工站 21/29 TP
排产方案已输出: E:\RTD\storage\runs\3e7b232f9bdb45269b64f86adfcc5b99\station-021.xlsx
甘特图已保存: E:\RTD\storage\runs\3e7b232f9bdb45269b64f86adfcc5b99\station-021.png
工站 22/29 TS
排产方案已输出: E:\RTD\storage\runs\3e7b232f9bdb45269b64f86adfcc5b99\station-022.xlsx
甘特图已保存: E:\RTD\storage\runs\3e7b232f9bdb45269b64f86adfcc5b99\station-022.png
工站 23/29 TS1
排产方案已输出: E:\RTD\storage\runs\3e7b232f9bdb45269b64f86adfcc5b99\station-023.xlsx
甘特图已保存: E:\RTD\storage\runs\3e7b232f9bdb45269b64f86adfcc5b99\station-023.png
工站 24/29 VI
排产方案已输出: E:\RTD\storage\runs\3e7b232f9bdb45269b64f86adfcc5b99\station-024.xlsx
甘特图已保存: E:\RTD\storage\runs\3e7b232f9bdb45269b64f86adfcc5b99\station-024.png
工站 25/29 WB1
排产方案已输出: E:\RTD\storage\runs\3e7b232f9bdb45269b64f86adfcc5b99\station-025.xlsx
甘特图已保存: E:\RTD\storage\runs\3e7b232f9bdb45269b64f86adfcc5b99\station-025.png
工站 26/29 WB2
排产方案已输出: E:\RTD\storage\runs\3e7b232f9bdb45269b64f86adfcc5b99\station-026.xlsx
甘特图已保存: E:\RTD\storage\runs\3e7b232f9bdb45269b64f86adfcc5b99\station-026.png
工站 27/29 WF
排产方案已输出: E:\RTD\storage\runs\3e7b232f9bdb45269b64f86adfcc5b99\station-027.xlsx
甘特图已保存: E:\RTD\storage\runs\3e7b232f9bdb45269b64f86adfcc5b99\station-027.png
工站 28/29 WM
排产方案已输出: E:\RTD\storage\runs\3e7b232f9bdb45269b64f86adfcc5b99\station-028.xlsx
甘特图已保存: E:\RTD\storage\runs\3e7b232f9bdb45269b64f86adfcc5b99\station-028.png
工站 29/29 XRAY
E:\RTD\algorithm\product_runner.py:113: FutureWarning: The behavior of DataFrame concatenation with empty or all-NA entries is deprecated. In a future version, this will no longer exclude empty or all-NA columns when determining the result dtypes. To retain the old behavior, exclude the relevant entries before the concat operation.
  schedule=pd.concat(schedules,ignore_index=True) if schedules else pd.DataFrame(columns=SCHEDULE_COLUMNS)
排产方案已输出: E:\RTD\storage\runs\3e7b232f9bdb45269b64f86adfcc5b99\station-029.xlsx
没有可绘制的排产结果
{"scheduled": 564, "unscheduled": 119, "machinesUsed": 145, "duration": 21.78, "violations": 0, "strategy": "quick"}
